{
  "$schema": "https://gitlab.com/gitlab-org/security-products/security-report-schemas/-/blob/master/dist/sast-report-format.json",
  "version": "14.1.2",
  "vulnerabilities": []
}