Paths that match both --include and --exclude will be skipped by Semgrep.
[Errno 2] No such file or directory: '/home/runner/work/semgrep/semgrep/cli/src/semgrep/semgrep_interfaces/rule_schema.yaml'
Traceback (most recent call last):
  File "/home/runner/work/semgrep/semgrep/cli/src/semgrep/commands/wrapper.py", line 35, in wrapper
    func(*args, **kwargs)
  File "/home/runner/work/semgrep/semgrep/cli/src/semgrep/commands/scan.py", line 807, in scan
    ) = semgrep.semgrep_main.main(
  File "/home/runner/work/semgrep/semgrep/cli/src/semgrep/semgrep_main.py", line 280, in main
    configs_obj, config_errors = get_config(
  File "/home/runner/work/semgrep/semgrep/cli/src/semgrep/config_resolver.py", line 607, in get_config
    config, errors = Config.from_config_list(config_strs, project_url)
  File "/home/runner/work/semgrep/semgrep/cli/src/semgrep/config_resolver.py", line 251, in from_config_list
    resolved_config = ConfigPath(config, project_url).resolve_config()
  File "/home/runner/work/semgrep/semgrep/cli/src/semgrep/config_resolver.py", line 126, in resolve_config
    config = self._load_config_from_local_path()
  File "/home/runner/work/semgrep/semgrep/cli/src/semgrep/config_resolver.py", line 177, in _load_config_from_local_path
    config = parse_config_at_path(loc)
  File "/home/runner/work/semgrep/semgrep/cli/src/semgrep/config_resolver.py", line 437, in parse_config_at_path
    return parse_config_string(config_id, loc.read_text(), str(loc))
  File "/home/runner/work/semgrep/semgrep/cli/src/semgrep/config_resolver.py", line 455, in parse_config_string
    data = parse_yaml_preserve_spans(contents, filename)
  File "/home/runner/work/semgrep/semgrep/cli/src/semgrep/rule_lang.py", line 430, in parse_yaml_preserve_spans
    validate_yaml(data)
  File "/home/runner/work/semgrep/semgrep/cli/src/semgrep/rule_lang.py", line 539, in validate_yaml
    jsonschema.validate(data.unroll(), RuleSchema.get(), cls=Draft7Validator)
  File "/home/runner/work/semgrep/semgrep/cli/src/semgrep/rule_lang.py", line 55, in get
    with schema_path.open() as fd:
  File "/opt/hostedtoolcache/Python/3.9.13/x64/lib/python3.9/pathlib.py", line 1252, in open
    return io.open(self, mode, buffering, encoding, errors, newline,
  File "/opt/hostedtoolcache/Python/3.9.13/x64/lib/python3.9/pathlib.py", line 1120, in _opener
    return self._accessor.open(self, flags, mode)
FileNotFoundError: [Errno 2] No such file or directory: '/home/runner/work/semgrep/semgrep/cli/src/semgrep/semgrep_interfaces/rule_schema.yaml'
